                      :-) GROMACS - gmx mdrun, 2026.3 (-:

Copyright 1991-2026 The GROMACS Authors.
GROMACS is free software; you can redistribute it and/or modify it
under the terms of the GNU Lesser General Public License
as published by the Free Software Foundation; either version 2.1
of the License, or (at your option) any later version.

                         Current GROMACS contributors:
       Mark Abraham           Andrey Alekseenko           Brian Andrews       
        Paul Bauer              Cathrine Bergh              Hugh Bird         
      Eliane Briand               Ania Brown                Yiqi Chen         
      Mahesh Doijade            Giacomo Fiorin          Stefan Fleischmann    
      Sergey Gorelov         Gilles Gouaillardet            Alan Gray         
   Farzaneh Jalalypour         Petter Johansson          Carsten Kutzner      
    Grzegorz Łazarski         Justin A. Lemkul          Magnus Lundborg      
        Julio Maia               Pascal Merz             Vedran Miletić      
      Dmitry Morozov           Lukas Müllender           Szilárd Páll      
 Andrea Pasquadibisceglie     Michele Pellegrino         Nicola Piasentin     
     Daniele Rapetti         Muhammad Umair Sadiq         Hubert Santuz       
      Michael Shirts           Tatiana Shugaeva          Alexey Shvetsov      
     Bálint Soproni            Philip Turner            Alessandra Villa     
        Yang Zhang        

                         Previous GROMACS contributors:
        Emile Apol             Rossen Apostolov           James Barnett       
      Vladimir Basov        Herman J.C. Berendsen          Par Bjelkmar       
      Christian Blau          Viacheslav Bolnykh            Kevin Boyd        
    Aldert van Buuren          Carlo Camilloni           Rudi van Drunen      
      Anton Feenstra           Oliver Fleetwood            Vytas Gapsys       
       Gaurav Garg             Gerrit Groenhof            Bert de Groot       
      Anca Hamuraru           Vincent Hindriksen          Victor Holanda      
     M. Eric Irrgang           Aleksei Iupinov              Joe Jordan        
    Christoph Junghans        Prashanth Kanduri        Dimitrios Karkoulis    
       Peter Kasson             Sebastian Kehl           Sebastian Keller     
        Jiri Kraus               Per Larsson              Viveca Lindahl      
      Erik Marklund           Pieter Meulenhoff           Teemu Murtola       
       Julien Nabet              Sander Pronk             Roland Schulz       
      Alfons Sijbers         David van der Spoel          Peter Tieleman      
      Carsten Uphoff             Jon Vincent             Teemu Virolainen     
    Christian Wennberg     Sebastian Wingbermühle         Maarten Wolf       
      Artem Zhmurov       

                  Coordinated by the GROMACS project leaders:
                           Berk Hess and Erik Lindahl

GROMACS:      gmx mdrun, version 2026.3
Executable:   /Users/shreebhargavkomanabelli/Desktop/gromacs-2026.3/build-single/bin/gmx
Data prefix:  /Users/shreebhargavkomanabelli/Desktop/gromacs-2026.3 (source tree)
Working dir:  /Users/shreebhargavkomanabelli/Desktop/mp-gromacs/runs_instr/GROMACS/fp32/benchPEP-h
Process ID:   11299
Command line:
  gmx mdrun -s /Users/shreebhargavkomanabelli/Desktop/mp-gromacs/benchmarks/benchPEP-h.tpr -nsteps 0 -ntmpi 1 -ntomp 1 -o traj.trr -e ener.edr -g md.log

GROMACS version:     2026.3
Precision:           mixed
Memory model:        64 bit
MPI library:         thread_mpi
MPI version:         built in
OpenMP support:      disabled
GPU support:         disabled
SIMD instructions:   None
CPU FFT library:     fftw-3.3.10
GPU FFT library:     none
Multi-GPU FFT:       none
TNG support:         enabled
Hwloc support:       disabled
Tracing support:     disabled
Colvars support:     enabled (version 2025-10-13)
CP2K support:        disabled
Torch support:       disabled
Plumed support:      enabled
C compiler:          /usr/bin/cc AppleClang 21.0.0.21000101
C compiler flags:    -Wno-unknown-pragmas -Wno-missing-field-initializers -fno-stack-check -O3 -DNDEBUG
C++ compiler:        /usr/bin/c++ AppleClang 21.0.0.21000101
C++ compiler flags:  -Wno-unknown-pragmas -Wno-reserved-identifier -Wno-missing-field-initializers -fno-stack-check -Weverything -Wno-c++98-compat -Wno-c++98-compat-pedantic -Wno-source-uses-openmp -Wno-c++17-extensions -Wno-documentation-unknown-command -Wno-covered-switch-default -Wno-switch-enum -Wno-switch-default -Wno-extra-semi-stmt -Wno-weak-vtables -Wno-shadow -Wno-padded -Wno-reserved-id-macro -Wno-double-promotion -Wno-exit-time-destructors -Wno-global-constructors -Wno-documentation -Wno-format-nonliteral -Wno-used-but-marked-unused -Wno-float-equal -Wno-conditional-uninitialized -Wno-conversion -Wno-disabled-macro-expansion -Wno-unused-macros -Wno-unsafe-buffer-usage -Wno-cast-function-type-strict -O3 -DNDEBUG
BLAS library:        External - detected on the system
LAPACK library:      External - detected on the system


Running on 1 node with total 0 processing units
Hardware detected on host Shrees-MacBook-Pro.local:
  CPU info:
    Vendor: ARM
    Brand:  Unknown CPU brand
    Family: 0   Model: 0   Stepping: 0
    Features: neon neon_asimd
  Hardware topology: Only logical processor count
    CPU limit set by OS: -1   Recommended max number of threads: 10

Likely fastest SIMD instructions supported by all nodes: ARM_NEON_ASIMD
SIMD instructions selected at compile time:              None


++++ PLEASE READ AND CITE THE FOLLOWING REFERENCE ++++
M. J. Abraham, T. Murtola, R. Schulz, S. Páll, J. C. Smith, B. Hess, E.
Lindahl
GROMACS: High performance molecular simulations through multi-level
parallelism from laptops to supercomputers
SoftwareX (2015)
https://doi.org/10.1016/j.softx.2015.06.001
-------- -------- --- Thank You --- -------- --------


++++ PLEASE READ AND CITE THE FOLLOWING REFERENCE ++++
S. Páll, M. J. Abraham, C. Kutzner, B. Hess, E. Lindahl
Tackling Exascale Software Challenges in Molecular Dynamics Simulations with
GROMACS
In S. Markidis & E. Laure (Eds.), Solving Software Challenges for Exascale (2015)
https://doi.org/10.1007/978-3-319-15976-8_1
-------- -------- --- Thank You --- -------- --------


++++ PLEASE READ AND CITE THE FOLLOWING REFERENCE ++++
S. Pronk, S. Páll, R. Schulz, P. Larsson, P. Bjelkmar, R. Apostolov, M. R.
Shirts, J. C. Smith, P. M. Kasson, D. van der Spoel, B. Hess, E. Lindahl
GROMACS 4.5: a high-throughput and highly parallel open source molecular
simulation toolkit
Bioinformatics (2013)
https://doi.org/10.1093/bioinformatics/btt055
-------- -------- --- Thank You --- -------- --------


++++ PLEASE READ AND CITE THE FOLLOWING REFERENCE ++++
B. Hess, C. Kutzner, D. van der Spoel, E. Lindahl
GROMACS 4: Algorithms for highly efficient, load-balanced, and scalable
molecular simulation
J. Chem. Theory Comput. (2008)
https://doi.org/10.1021/ct700301q
-------- -------- --- Thank You --- -------- --------


++++ PLEASE READ AND CITE THE FOLLOWING REFERENCE ++++
D. van der Spoel, E. Lindahl, B. Hess, G. Groenhof, A. E. Mark, H. J. C.
Berendsen
GROMACS: Fast, Flexible and Free
J. Comp. Chem. (2005)
https://doi.org/10.1002/jcc.20291
-------- -------- --- Thank You --- -------- --------


++++ PLEASE READ AND CITE THE FOLLOWING REFERENCE ++++
E. Lindahl, B. Hess, D. van der Spoel
GROMACS 3.0: A package for molecular simulation and trajectory analysis
J. Mol. Mod. (2001)
https://doi.org/10.1007/s008940100045
-------- -------- --- Thank You --- -------- --------


++++ PLEASE READ AND CITE THE FOLLOWING REFERENCE ++++
H. J. C. Berendsen, D. van der Spoel and R. van Drunen
GROMACS: A message-passing parallel molecular dynamics implementation
Comp. Phys. Comm. (1995)
https://doi.org/10.1016/0010-4655(95)00042-E
-------- -------- --- Thank You --- -------- --------


++++ PLEASE CITE THE DOI FOR THIS VERSION OF GROMACS ++++
https://doi.org/10.5281/zenodo.20845217
-------- -------- --- Thank You --- -------- --------

Input Parameters:
   integrator                     = md
   tinit                          = 0
   dt                             = 0.002
   nsteps                         = 10000
   init-step                      = 0
   simulation-part                = 1
   mts                            = false
   mass-repartition-factor        = 1
   comm-mode                      = Linear
   nstcomm                        = 100000
   bd-fric                        = 0
   ld-seed                        = 1993
   emtol                          = 10
   emstep                         = 0.01
   niter                          = 20
   fcstep                         = 0
   nstcgsteep                     = 1000
   nbfgscorr                      = 10
   rtpi                           = 0.05
   nstxout                        = 0
   nstvout                        = 0
   nstfout                        = 0
   nstlog                         = 100000
   nstcalcenergy                  = 100000
   nstenergy                      = 100000
   nstxout-compressed             = 0
   compressed-x-precision         = 0
   cutoff-scheme                  = Verlet
   nstlist                        = 40
   pbc                            = xyz
   periodic-molecules             = false
   verlet-buffer-tolerance        = 0.005
   verlet-buffer-pressure-tolerance = -1
   rlist                          = 1.286
   coulombtype                    = PME
   coulomb-modifier               = Potential-shift
   rcoulomb-switch                = 0
   rcoulomb                       = 1.2
   epsilon-r                      = 1
   epsilon-rf                     = 1
   vdw-type                       = Cut-off
   vdw-modifier                   = Potential-shift
   rvdw-switch                    = 0
   rvdw                           = 1.2
   DispCorr                       = No
   table-extension                = 1
   fourierspacing                 = 0.16
   fourier-nx                     = 320
   fourier-ny                     = 320
   fourier-nz                     = 320
   pme-order                      = 4
   ewald-rtol                     = 1e-05
   ewald-rtol-lj                  = 1e-05
   lj-pme-comb-rule               = Geometric
   ewald-geometry                 = 3d
   epsilon-surface                = 0
   ensemble-temperature-setting   = constant
   ensemble-temperature           = 300
   tcoupl                         = Berendsen
   nsttcouple                     = 100
   nh-chain-length                = 0
   print-nose-hoover-chain-variables = false
   pcoupl                         = Berendsen
   pcoupltype                     = Isotropic
   nstpcouple                     = 40
   tau-p                          = 1
   compressibility (3x3):
      compressibility[    0]={ 4.50000e-05,  0.00000e+00,  0.00000e+00}
      compressibility[    1]={ 0.00000e+00,  4.50000e-05,  0.00000e+00}
      compressibility[    2]={ 0.00000e+00,  0.00000e+00,  4.50000e-05}
   ref-p (3x3):
      ref-p[    0]={ 1.00000e+00,  0.00000e+00,  0.00000e+00}
      ref-p[    1]={ 0.00000e+00,  1.00000e+00,  0.00000e+00}
      ref-p[    2]={ 0.00000e+00,  0.00000e+00,  1.00000e+00}
   refcoord-scaling               = No
   posres-com (0x3):
   posres-comB (0x3):
   QMMM                           = false
qm-opts:
   ngQM                           = 0
   constraint-algorithm           = Lincs
   continuation                   = false
   Shake-SOR                      = false
   shake-tol                      = 0.0001
   lincs-order                    = 4
   lincs-iter                     = 1
   lincs-warnangle                = 30
   nwall                          = 0
   wall-type                      = 9-3
   wall-r-linpot                  = -1
   wall-atomtype[0]               = -1
   wall-atomtype[1]               = -1
   wall-density[0]                = 0
   wall-density[1]                = 0
   wall-ewald-zfac                = 3
   pull                           = false
   awh                            = false
   rotation                       = false
   interactiveMD                  = false
   disre                          = No
   disre-weighting                = Conservative
   disre-mixed                    = false
   dr-fc                          = 1000
   dr-tau                         = 0
   nstdisreout                    = 100
   orire-fc                       = 0
   orire-tau                      = 0
   nstorireout                    = 100
   free-energy                    = no
   cos-acceleration               = 0
   deform (3x3):
      deform[    0]={ 0.00000e+00,  0.00000e+00,  0.00000e+00}
      deform[    1]={ 0.00000e+00,  0.00000e+00,  0.00000e+00}
      deform[    2]={ 0.00000e+00,  0.00000e+00,  0.00000e+00}
   simulated-tempering            = false
   swapcoords                     = no
   userint1                       = 0
   userint2                       = 0
   userint3                       = 0
   userint4                       = 0
   userreal1                      = 0
   userreal2                      = 0
   userreal3                      = 0
   userreal4                      = 0
   applied-forces:
     electric-field:
grpopts:
   nrdf:  2.50283e+07
   ref-t:         300
   tau-t:          10
annealing:          No
annealing-npoints:           0
   acc:	           0           0           0
   nfreeze:           N           N           N
   energygrp-flags[  0]: 0

The -nsteps functionality is deprecated, and may be removed in a future version. Consider using gmx convert-tpr -nsteps or changing the appropriate .mdp file field.

Overriding nsteps with value passed on the command line: 0 steps, 0 ps

Changing rlist from 1.286 to 1.284 for non-bonded 4x4 atom kernels

Changing nstlist from 40 to 80, rlist from 1.284 to 1.326


Initializing Domain Decomposition on 1 ranks
Dynamic load balancing: auto
Using update groups, nr 4186057, average size 3.0 atoms, max. radius 0.099 nm
Minimum cell size due to atom displacement: 0.568 nm
Initial maximum distances in bonded interactions:
    two-body bonded interactions: 0.405 nm, LJ-14, atoms 14806 14814
  multi-body bonded interactions: 0.405 nm, Proper Dih., atoms 14806 14814
Minimum cell size due to bonded interactions: 0.445 nm
Using 0 separate PME ranks because: there are too few total ranks for efficient splitting
Optimizing the DD grid for 1 cells with a minimum initial size of 0.568 nm
The maximum allowed number of cells is: X 88 Y 88 Z 88
Domain decomposition grid 1 x 1 x 1, separate PME ranks 0
PME domain decomposition: 1 x 1 x 1

The initial number of communication pulses is:
The initial domain decomposition cell size is:

The maximum allowed distance for atom groups involved in interactions is:
                 non-bonded interactions           1.524 nm
(the following are initial values, they could change due to box deformation)
            two-body bonded interactions  (-rdd)   1.524 nm
          multi-body bonded interactions  (-rdd)   1.524 nm

When dynamic load balancing gets turned on, these settings will change to:
The maximum number of communication pulses is:
The minimum size for domain decomposition cells is 1.524 nm
The requested allowed shrink of DD cells (option -dds) is: 0.80
The allowed shrink of domain decomposition cells is:
The maximum allowed distance for atom groups involved in interactions is:
                 non-bonded interactions           1.524 nm
            two-body bonded interactions  (-rdd)   1.524 nm
          multi-body bonded interactions  (-rdd)   1.524 nm

Local state does not use filler particles

Using 1 MPI thread
System total charge: 0.000
Will do PME sum in reciprocal space for electrostatic interactions.

++++ PLEASE READ AND CITE THE FOLLOWING REFERENCE ++++
U. Essmann, L. Perera, M. L. Berkowitz, T. Darden, H. Lee, L. G. Pedersen 
A smooth particle mesh Ewald method
J. Chem. Phys. (1995)
https://doi.org/10.1063/1.470117
-------- -------- --- Thank You --- -------- --------

Using a Gaussian width (1/beta) of 0.384195 nm for Ewald
Potential shift: LJ r^-12: -1.122e-01 r^-6: -3.349e-01, Ewald -8.333e-06
Initialized non-bonded Coulomb Ewald tables, spacing: 1.02e-03 size: 1176

Generated table with 1163 data points for 1-4 COUL.
Tabscale = 500 points/nm
Generated table with 1163 data points for 1-4 LJ6.
Tabscale = 500 points/nm
Generated table with 1163 data points for 1-4 LJ12.
Tabscale = 500 points/nm


Using plain-C-4x4 4x4 nonbonded short-range kernels

WARNING: Using the slow plain-C-4x4 kernels. This should
not happen during routine usage on common platforms.

Using a dual 4x4 pair-list setup updated with dynamic pruning:
  outer list: updated every 80 steps, buffer 0.126 nm, rlist 1.326 nm
  inner list: updated every 12 steps, buffer 0.001 nm, rlist 1.201 nm
At tolerance 0.005 kJ/mol/ps per atom, equivalent classical 1x1 list would be:
  outer list: updated every 80 steps, buffer 0.270 nm, rlist 1.470 nm
  inner list: updated every 12 steps, buffer 0.047 nm, rlist 1.247 nm

The average pressure is off by at most 0.23 bar due to missing LJ interactions

Using Lorentz-Berthelot Lennard-Jones combination rule
Removing pbc first time

Linking all bonded interactions to atoms


Initializing LINear Constraint Solver

++++ PLEASE READ AND CITE THE FOLLOWING REFERENCE ++++
B. Hess, H. Bekker, H. J. C. Berendsen, J. G. E. M. Fraaije
LINCS: A Linear Constraint Solver for molecular simulations
J. Comp. Chem. (1997)
https://doi.org/10.1002/(sici)1096-987x(199709)18:12<1463::aid-jcc4>3.0.co;2-h
-------- -------- --- Thank You --- -------- --------

The number of constraints is 12000

++++ PLEASE READ AND CITE THE FOLLOWING REFERENCE ++++
S. Miyamoto, P. A. Kollman
SETTLE: An Analytical Version of the SHAKE and RATTLE Algorithms for Rigid
Water Models
J. Comp. Chem. (1992)
https://doi.org/10.1002/jcc.540130805
-------- -------- --- Thank You --- -------- --------


++++ PLEASE READ AND CITE THE FOLLOWING REFERENCE ++++
H. J. C. Berendsen, J. P. M. Postma, A. DiNola and J. R. Haak
Molecular dynamics with coupling to an external bath
J. Chem. Phys. (1984)
https://doi.org/10.1063/1.448118
-------- -------- --- Thank You --- -------- --------

There are: 12495503 Atoms

Atom distribution over 1 domains: av 12495503 stddev 0 min 12495503 max 12495503

Constraining the starting coordinates (step 0)

Constraining the coordinates at t0-dt (step 0)
Center of mass motion removal mode is Linear
We have the following groups for center of mass motion removal:
  0:  System
RMS relative constraint deviation after constraining: 1.16e-05
Initial temperature: 293.223 K

Started mdrun on rank 0 Thu Aug 13 15:42:23 2026

           Step           Time
              0        0.00000

   Energies (kJ/mol)
           Bond          Angle    Proper Dih. Per. Imp. Dih.          LJ-14
    4.40319e+02    5.03106e+04    7.77543e+04    4.91879e+03    2.62241e+04
     Coulomb-14        LJ (SR)   Coulomb (SR)   Coul. recip.      Potential
    9.73926e+04    2.65352e+07   -1.88374e+08    5.76628e+05   -1.61005e+08
    Kinetic En.   Total Energy  Conserved En.    Temperature Pressure (bar)
    3.05123e+07   -1.30493e+08   -1.30514e+08    2.93251e+02    3.36787e+02
   Constr. rmsd
    1.15464e-05


Time interval for measuring conserved energy has length 0, time 0 to 0 ps


	<======  ###############  ==>
	<====  A V E R A G E S  ====>
	<==  ###############  ======>

	Statistics over 1 steps using 1 frames

   Energies (kJ/mol)
           Bond          Angle    Proper Dih. Per. Imp. Dih.          LJ-14
    4.40319e+02    5.03106e+04    7.77543e+04    4.91879e+03    2.62241e+04
     Coulomb-14        LJ (SR)   Coulomb (SR)   Coul. recip.      Potential
    9.73926e+04    2.65352e+07   -1.88374e+08    5.76628e+05   -1.61005e+08
    Kinetic En.   Total Energy  Conserved En.    Temperature Pressure (bar)
    3.05123e+07   -1.30493e+08   -1.30514e+08    2.93251e+02    3.36787e+02
   Constr. rmsd
    0.00000e+00

          Box-X          Box-Y          Box-Z
    5.00000e+01    5.00000e+01    5.00000e+01

   Total Virial (kJ/mol)
    8.90606e+06   -1.38339e+04    3.60276e+03
   -1.40672e+04    8.91396e+06    6.18265e+03
    3.60594e+03    6.18830e+03    8.88946e+06

   Pressure (bar)
    3.37237e+02    2.69076e+00   -5.94179e-01
    2.75275e+00    3.31160e+02   -5.13375e-01
   -5.95022e-01   -5.14877e-01    3.41963e+02


	M E G A - F L O P S   A C C O U N T I N G

 NB=Group-cutoff nonbonded kernels    NxN=N-by-N cluster Verlet kernels
 RF=Reaction-Field  VdW=Van der Waals  QSTab=quadratic-spline table
 W3=SPC/TIP3p  W4=TIP4p (single or pairs)
 V&F=Potential and force  V=Potential only  F=Force only

 Computing:                               M-Number         M-Flops  % Flops
-----------------------------------------------------------------------------
 NxN QSTab Elec. + LJ [V&F]             538.837904       31791.436    45.2
 NxN QSTab Elec. [V&F]                  494.866144       20289.512    28.9
 1,4 nonbonded interactions               0.065500           5.895     0.0
 Calc Weights                            37.486509        1349.514     1.9
 Spread Q Bspline                       799.712192        1599.424     2.3
 Gather F Bspline                       799.712192        4798.273     6.8
 3D-FFT                                1636.157628       13089.261    18.6
 Solve PME                               16.486400        1055.130     1.5
 Reset In Box                            12.495503          37.487     0.1
 CG-CoM                                  24.991006          74.973     0.1
 Bonds                                    0.014750           0.870     0.0
 Angles                                   0.046000           7.728     0.0
 Propers                                  0.074000          16.946     0.0
 Impropers                                0.007250           1.508     0.0
 Virial                                  12.495548         224.920     0.3
 Stop-CM                                 24.991006         249.910     0.4
 P-Coupling                              12.495503          74.973     0.1
 Calc-Ekin                               24.991006         674.757     1.0
 Lincs                                    0.036000           2.160     0.0
 Lincs-Mat                                0.153000           0.612     0.0
 Constraint-V                            24.940338         224.463     0.3
 Constraint-Vir                          12.458169         298.996     0.4
 Settle                                  12.446169        4605.083     6.6
-----------------------------------------------------------------------------
 Total                                                   80473.831   114.5
-----------------------------------------------------------------------------


    D O M A I N   D E C O M P O S I T I O N   S T A T I S T I C S

 av. #atoms communicated per step for force:  2 x 0.0


      R E A L   C Y C L E   A N D   T I M E   A C C O U N T I N G

On 1 MPI rank

 Activity:              Num   Num      Call    Wall time         Giga-Cycles
                        Ranks Threads  Count      (s)         total sum    %
--------------------------------------------------------------------------------
 Domain decomp.            1    1          1       1.009          1.009   0.0
 Neighbor search           1    1          1      23.822         23.822   0.4
 Force                     1    1          1    6141.912       6141.879  99.5
 PME mesh                  1    1          1       1.739          1.739   0.0
 NB X/F buffer ops.        1    1          2       0.753          0.753   0.0
 Update                    1    1          1       0.589          0.589   0.0
 Constraints               1    1          3       0.794          0.794   0.0
 Kinetic energy            1    1          1       0.073          0.073   0.0
--------------------------------------------------------------------------------
 Total                                          6170.380       6170.346 100.0
--------------------------------------------------------------------------------
 Breakdown of PME mesh activities
--------------------------------------------------------------------------------
 PME spread                1    1          1       1.110          1.110   0.0
 PME gather                1    1          1       0.258          0.258   0.0
 PME 3D-FFT                1    1          2       0.321          0.321   0.0
 PME solve Elec            1    1          1       0.049          0.049   0.0
--------------------------------------------------------------------------------

               Core t (s)   Wall t (s)        (%)
       Time:     6170.376     6170.380      100.0
                         1h42:50
                 (ns/day)    (hour/ns)    (ms/step)  (Matom*steps/s) 
Performance:        0.000   856997.159  6170379.547            0.002 
Finished mdrun on rank 0 Thu Aug 13 17:25:13 2026

